ğŸ˜Š(option to use vscode first in the terminal Enter mongosh)ğŸ˜ğŸ˜ğŸ˜
test> use codeio    //use keyword to use the database
switched to db codeio
âœŒï¸âœŒï¸âœŒï¸
codeio> show dbs    //show dbs for show the database
admin    40.00 KiB
config  108.00 KiB
local    76.00 KiB

codeio> db.createCollection("course")     // db means that current database. createCollection(_collection_name_)
{ ok: 1 }
ğŸ’šğŸ’šğŸ’š
codeio> show dbs
admin    40.00 KiB
codeio    8.00 KiB
config  108.00 KiB
local    76.00 KiB
ğŸ¤”ğŸ¤”
codeio> db.couse.drop                         // these show error  drop is method 
[Function: drop] AsyncFunction {
  apiVersions: [ 1, Infinity ],
  returnsPromise: true,
  serverVersions: [ '0.0.0', '999.999.999' ],
  topologies: [ 'ReplSet', 'Sharded', 'LoadBalanced', 'Standalone' ],
  returnType: { type: 'unknown', attributes: {} },
  deprecated: false,
  platforms: [ 'Compass', 'Browser', 'CLI' ],
  isDirectShellCommand: false,
  acceptsRawInput: false,
  shellCommandCompleter: undefined,
  newShellCommandCompleter: undefined,
  help: [Function (anonymous)] Help
}
â¤ï¸â€ğŸ”¥â¤ï¸â€ğŸ”¥â¤ï¸â€ğŸ”¥
codeio> db.course.drop()                   // this correct 
true

codeio> db.dropDatabase()                // same for Database
{ ok: 1, dropped: 'codeio' }
ğŸ‘‡ğŸ‘‡ğŸ‘‡ğŸ‘‡ğŸ‘‡(Recap)
use codeio
show dbs
db.createCollection("course")
db.course.drop()
db.dropDatabase()
ğŸ’•ğŸ’•ğŸ’•ğŸ’•ğŸ’•

codeio> db.course.insertOne({name: "DSA", videos: 50, duration: 28.5})         //insertOne() mean that one document add to collection  {..} ğŸ‘ˆdocument ,contain { Field : values,....}
{
  acknowledged: true,
  insertedId: ObjectId('68d2cac1488f2d29f7cebea4')
}

codeio> db.course.find()                           // find() show all document in the collection
[
  {
    _id: ObjectId('68d2cac1488f2d29f7cebea4'),
    name: 'DSA',
    videos: 50,
    duration: 28.5
  }
]


codeio> db.course.insertMany([{name:"JAVA",videos: 38,duration:10.5},{name:"C++",videos:36,duration:10.51}])   ğŸ‘ŒğŸ‘Œ // insertMany() this same for insertOne ,But differ is use [then{...},{..},..] ğŸ‘ˆ insert many document in a collection
{
  acknowledged: true,
  insertedIds: {
    '0': ObjectId('68d2cbdb488f2d29f7cebea7'),
    '1': ObjectId('68d2cbdb488f2d29f7cebea8')
  }
}

codeio> db.course.find()
[
  {
    _id: ObjectId('68d2cac1488f2d29f7cebea4'),
    name: 'DSA',
    videos: 50,
    duration: 28.5
  },
  {
    _id: ObjectId('68d2cbdb488f2d29f7cebea7'),
    name: 'JAVA',
    videos: 38,
    duration: 10.5
  },
  {
    _id: ObjectId('68d2cbdb488f2d29f7cebea8'),
    name: 'C++',
    videos: 36,
    duration: 10.51
  }
]

ğŸ‘‡ğŸ‘‡ğŸ‘‡(Recap)
db.course.find()
db.course.insertOne({name: "DSA", videos: 50, duration: 28.5})
db.course.insertMany([{name:"JAVA",videos: 38,duration:10.5},{name:"C++",videos:36,duration:10.51}])
ğŸ’•ğŸ’•ğŸ’•ğŸ’•ğŸ’•
DATA TYPESğŸ˜‰ğŸ˜‰ğŸ˜‰
codeio> db.course.insertOne(
{
name: "React",                                 //String
videas: 35,                                    //value part Enter integer
duration: 18.3,                                //Enter float or double
completed: false,                              // Boolean
Published Date: new Date("2025-07-11"),        //Even data also you leave Date()inside empty show current date & time
instructors: [ "Goms", "siva"],                //Even Array
relatedCourses :{                              //Even also another document
name:"js",
videos:36,
duration:11}
}
)ğŸ’•ğŸ’•ğŸ’•ğŸ’•ğŸ’•
